// Jest Snapshot v1, https://goo.gl/fbAQLP

exports[`<Text /> Should always render indentation with spaces: text_should_render_space_indentation 1`] = `
"Test
"
`;

exports[`<Text /> Should always render indentation with tabs: text_should_render_tab_indentation 1`] = `
"Test
"
`;

exports[`<Text /> Should always render text as is: text_should_render 1`] = `
"Test
"
`;
