// Jest Snapshot v1, https://goo.gl/fbAQLP

exports[`<File /> Should always be able to render Indent: file_should_render_text_component 1`] = `"    Test"`;

exports[`<File /> Should always be able to render Text: file_should_render_text_component 1`] = `
"    Test
"
`;

exports[`<File /> Should always render as is: file_should_render 1`] = `"Test"`;

exports[`<File /> Should alwyas render as is with props: file_should_render_as_is_with_props 1`] = `"Test"`;
