// Jest Snapshot v1, https://goo.gl/fbAQLP

exports[`<Indent /> Should always render indentation as is: indent_should_render 1`] = `"Test"`;

exports[`<Indent /> Should always render indentation with spaces: indent_should_render_space_indentation 1`] = `"    Test"`;

exports[`<Indent /> Should always render indentation with tabs: indent_should_render_tab_indentation 1`] = `"				Test"`;

exports[`<Indent /> Should be able contain text component: indent_should_render_text_component 1`] = `
"								Test
"
`;

exports[`<Indent /> Should be able to nest indentation: indent_should_render_nested_indentation 1`] = `"								Test"`;
